[foxythemes.net/preview/products/beagle/index.html]
[foxythemes.net/preview/products/beagle/assets/img/logo-fav.png]
[backblue.gif]
[fade.gif]
[index.html]
[foxythemes.net/preview/products/beagle/assets/lib/perfect-scrollbar/css/perfect-scrollbar.min.css]
[foxythemes.net/preview/products/beagle/assets/lib/material-design-icons/css/material-design-iconic-font.min.css]
[foxythemes.net/preview/products/beagle/assets/lib/jquery.vectormap/jquery-jvectormap-1.2.2.css]
[foxythemes.net/preview/products/beagle/assets/lib/jqvmap/jqvmap.min.css]
[foxythemes.net/preview/products/beagle/assets/lib/datetimepicker/css/bootstrap-datetimepicker.min.css]
[foxythemes.net/preview/products/beagle/assets/img/avatar.png]
[foxythemes.net/preview/products/beagle/assets/css/app.css]
[foxythemes.net/preview/products/beagle/index-2.html]
[foxythemes.net/preview/products/beagle/pages-profile.html]
[foxythemes.net/preview/products/beagle/pages-login.html]
[foxythemes.net/preview/products/beagle/assets/img/avatar2.png]
[foxythemes.net/preview/products/beagle/assets/img/avatar3.png]
[foxythemes.net/preview/products/beagle/assets/img/avatar4.png]
[foxythemes.net/preview/products/beagle/assets/img/avatar5.png]
[foxythemes.net/preview/products/beagle/assets/img/github.png]
[foxythemes.net/preview/products/beagle/assets/img/bitbucket.png]
[foxythemes.net/preview/products/beagle/assets/img/slack.png]
[foxythemes.net/preview/products/beagle/assets/img/dribbble.png]
[foxythemes.net/preview/products/beagle/assets/img/mail_chimp.png]
[foxythemes.net/preview/products/beagle/assets/img/dropbox.png]
[foxythemes.net/preview/products/beagle/ui-alerts.html]
[foxythemes.net/preview/products/beagle/ui-buttons.html]
[foxythemes.net/preview/products/beagle/ui-panels.html]
[foxythemes.net/preview/products/beagle/ui-general.html]
[foxythemes.net/preview/products/beagle/ui-modals.html]
[foxythemes.net/preview/products/beagle/ui-notifications.html]
[foxythemes.net/preview/products/beagle/ui-grid.html]
[foxythemes.net/preview/products/beagle/ui-icons.html]
[foxythemes.net/preview/products/beagle/ui-tabs-accordions.html]
[foxythemes.net/preview/products/beagle/ui-nestable-lists.html]
[foxythemes.net/preview/products/beagle/ui-typography.html]
[foxythemes.net/preview/products/beagle/charts.html]
[foxythemes.net/preview/products/beagle/charts-flot.html]
[foxythemes.net/preview/products/beagle/charts-sparkline.html]
[foxythemes.net/preview/products/beagle/charts-chartjs.html]
[foxythemes.net/preview/products/beagle/charts-morris.html]
[foxythemes.net/preview/products/beagle/form-elements.html]
[foxythemes.net/preview/products/beagle/form-validation.html]
[foxythemes.net/preview/products/beagle/form-multiselect.html]
[foxythemes.net/preview/products/beagle/form-wizard.html]
[foxythemes.net/preview/products/beagle/form-masks.html]
[foxythemes.net/preview/products/beagle/form-wysiwyg.html]
[foxythemes.net/preview/products/beagle/form-upload.html]
[foxythemes.net/preview/products/beagle/tables-general.html]
[foxythemes.net/preview/products/beagle/tables-datatables.html]
[foxythemes.net/preview/products/beagle/tables-filters.html]
[foxythemes.net/preview/products/beagle/pages-blank.html]
[foxythemes.net/preview/products/beagle/pages-blank-header.html]
[foxythemes.net/preview/products/beagle/pages-login2.html]
[foxythemes.net/preview/products/beagle/pages-404.html]
[foxythemes.net/preview/products/beagle/pages-sign-up.html]
[foxythemes.net/preview/products/beagle/pages-forgot-password.html]
[foxythemes.net/preview/products/beagle/pages-pricing-tables.html]
[foxythemes.net/preview/products/beagle/pages-pricing-tables2.html]
[foxythemes.net/preview/products/beagle/pages-timeline.html]
[foxythemes.net/preview/products/beagle/pages-timeline2.html]
[foxythemes.net/preview/products/beagle/pages-invoice.html]
[foxythemes.net/preview/products/beagle/pages-calendar.html]
[foxythemes.net/preview/products/beagle/pages-gallery.html]
[foxythemes.net/preview/products/beagle/pages-code-editor.html]
[foxythemes.net/preview/products/beagle/pages-booking.html]
[foxythemes.net/preview/products/beagle/pages-loaders.html]
[foxythemes.net/preview/products/beagle/email-inbox.html]
[foxythemes.net/preview/products/beagle/email-read.html]
[foxythemes.net/preview/products/beagle/email-compose.html]
[foxythemes.net/preview/products/beagle/layouts-primary-header.html]
[foxythemes.net/preview/products/beagle/layouts-success-header.html]
[foxythemes.net/preview/products/beagle/layouts-warning-header.html]
[foxythemes.net/preview/products/beagle/layouts-danger-header.html]
[foxythemes.net/preview/products/beagle/layouts-search-input.html]
[foxythemes.net/preview/products/beagle/layouts-offcanvas-menu.html]
[foxythemes.net/preview/products/beagle/layouts-nosidebar-left.html]
[foxythemes.net/preview/products/beagle/layouts-nosidebar-right.html]
[foxythemes.net/preview/products/beagle/layouts-nosidebars.html]
[foxythemes.net/preview/products/beagle/layouts-fixed-sidebar.html]
[foxythemes.net/preview/products/beagle/layouts-boxed-layout.html]
[foxythemes.net/preview/products/beagle/pages-blank-aside.html]
[foxythemes.net/preview/products/beagle/layouts-collapsible-sidebar.html]
[foxythemes.net/preview/products/beagle/layouts-sub-navigation.html]
[foxythemes.net/preview/products/beagle/maps-google.html]
[foxythemes.net/preview/products/beagle/maps-vector.html]
[foxythemes.net/preview/products/beagle/assets/img/avatar6.png]
[foxythemes.net/preview/products/beagle/assets/img/avatar1.png]
[foxythemes.net/preview/products/beagle/assets/lib/perfect-scrollbar/js/perfect-scrollbar.jquery.min.js]
[foxythemes.net/preview/products/beagle/assets/lib/jquery/jquery.min.js]
[foxythemes.net/preview/products/beagle/assets/lib/bootstrap/dist/js/bootstrap.bundle.min.js]
[foxythemes.net/preview/products/beagle/assets/js/app.js]
[foxythemes.net/preview/products/beagle/assets/lib/jquery-flot/jquery.flot.pie.js]
[foxythemes.net/preview/products/beagle/assets/lib/jquery-flot/jquery.flot.time.js]
[foxythemes.net/preview/products/beagle/assets/lib/jquery-flot/jquery.flot.resize.js]
[foxythemes.net/preview/products/beagle/assets/lib/jquery-flot/plugins/jquery.flot.orderBars.js]
[foxythemes.net/preview/products/beagle/assets/lib/jquery-flot/plugins/curvedLines.js]
[foxythemes.net/preview/products/beagle/assets/lib/jquery-flot/plugins/jquery.flot.tooltip.js]
[foxythemes.net/preview/products/beagle/assets/lib/jquery-flot/jquery.flot.js]
[foxythemes.net/preview/products/beagle/assets/lib/countup/countUp.min.js]
[foxythemes.net/preview/products/beagle/assets/lib/jquery.sparkline/jquery.sparkline.min.js]
[foxythemes.net/preview/products/beagle/index.html]
[foxythemes.net/preview/products/beagle/assets/lib/perfect-scrollbar/css/perfect-scrollbar.min.css]
[foxythemes.net/preview/products/beagle/assets/lib/jqvmap/jquery.vmap.min.js]
[foxythemes.net/preview/products/beagle/assets/lib/material-design-icons/fonts/Material-Design-Iconic-Fontd1f1.woff]
[foxythemes.net/preview/products/beagle/assets/lib/jqvmap/maps/jquery.vmap.world.js]
[foxythemes.net/preview/products/beagle/assets/lib/material-design-icons/fonts/Material-Design-Iconic-Fontd1f1.ttf]
[foxythemes.net/preview/products/beagle/assets/lib/material-design-icons/fonts/Material-Design-Iconic-Fontd1f1.woff2]
[foxythemes.net/preview/products/beagle/assets/lib/material-design-icons/css/material-design-iconic-font.min.css]
[foxythemes.net/preview/products/beagle/assets/lib/jquery.vectormap/jquery-jvectormap-1.2.2.css]
[foxythemes.net/preview/products/beagle/assets/lib/jqvmap/jqvmap.min.css]
[foxythemes.net/preview/products/beagle/assets/lib/datetimepicker/css/bootstrap-datetimepicker.min.css]
[foxythemes.net/preview/products/beagle/assets/lib/roboto/Roboto-Thin.eot]
[foxythemes.net/preview/products/beagle/assets/lib/jquery-ui/jquery-ui.min.js]
[foxythemes.net/preview/products/beagle/assets/lib/roboto/Roboto-Thind41d.eot]
[foxythemes.net/preview/products/beagle/assets/lib/roboto/Roboto-Thin.woff]
[foxythemes.net/preview/products/beagle/assets/lib/roboto/Roboto-Thin.ttf]
[foxythemes.net/preview/products/beagle/assets/lib/roboto/Roboto-Thin.woff2]
[foxythemes.net/preview/products/beagle/assets/lib/roboto/Roboto-ThinItalic.eot]
[foxythemes.net/preview/products/beagle/assets/lib/roboto/Roboto-ThinItalicd41d.eot]
[foxythemes.net/preview/products/beagle/assets/lib/roboto/Roboto-ThinItalic.woff]
[foxythemes.net/preview/products/beagle/assets/lib/roboto/Roboto-ThinItalic.ttf]
[foxythemes.net/preview/products/beagle/assets/lib/roboto/Roboto-ThinItalic.woff2]
[foxythemes.net/preview/products/beagle/assets/lib/roboto/Roboto-Light.eot]
[foxythemes.net/preview/products/beagle/assets/lib/roboto/Roboto-Lightd41d.eot]
[foxythemes.net/preview/products/beagle/assets/lib/roboto/Roboto-Light.woff]
[foxythemes.net/preview/products/beagle/assets/lib/roboto/Roboto-Light.ttf]
[foxythemes.net/preview/products/beagle/assets/lib/roboto/Roboto-Light.woff2]
[foxythemes.net/preview/products/beagle/assets/lib/roboto/Roboto-LightItalic.eot]
[foxythemes.net/preview/products/beagle/assets/lib/roboto/Roboto-LightItalicd41d.eot]
[foxythemes.net/preview/products/beagle/assets/lib/roboto/Roboto-LightItalic.woff]
[foxythemes.net/preview/products/beagle/assets/lib/roboto/Roboto-LightItalic.ttf]
[foxythemes.net/preview/products/beagle/assets/lib/roboto/Roboto-LightItalic.woff2]
[foxythemes.net/preview/products/beagle/assets/lib/roboto/Roboto-Regular.eot]
[foxythemes.net/preview/products/beagle/assets/lib/roboto/Roboto-Regulard41d.eot]
[foxythemes.net/preview/products/beagle/assets/lib/roboto/Roboto-Regular.woff]
[foxythemes.net/preview/products/beagle/assets/lib/roboto/Roboto-Regular.ttf]
[foxythemes.net/preview/products/beagle/assets/lib/roboto/Roboto-Regular.woff2]
[foxythemes.net/preview/products/beagle/assets/lib/roboto/Roboto-RegularItalic.eot]
[foxythemes.net/preview/products/beagle/assets/lib/roboto/Roboto-RegularItalicd41d.eot]
[foxythemes.net/preview/products/beagle/assets/lib/roboto/Roboto-RegularItalic.woff]
[foxythemes.net/preview/products/beagle/assets/lib/roboto/Roboto-RegularItalic.ttf]
[foxythemes.net/preview/products/beagle/assets/lib/roboto/Roboto-RegularItalic.woff2]
[foxythemes.net/preview/products/beagle/assets/lib/roboto/Roboto-Medium.eot]
[foxythemes.net/preview/products/beagle/assets/lib/roboto/Roboto-Mediumd41d.eot]
[foxythemes.net/preview/products/beagle/assets/lib/roboto/Roboto-Medium.woff]
[foxythemes.net/preview/products/beagle/assets/lib/roboto/Roboto-Medium.ttf]
[foxythemes.net/preview/products/beagle/assets/lib/roboto/Roboto-Medium.woff2]
[foxythemes.net/preview/products/beagle/assets/lib/roboto/Roboto-MediumItalic.eot]
[foxythemes.net/preview/products/beagle/assets/lib/roboto/Roboto-MediumItalicd41d.eot]
[foxythemes.net/preview/products/beagle/assets/lib/roboto/Roboto-MediumItalic.woff]
[foxythemes.net/preview/products/beagle/assets/lib/roboto/Roboto-MediumItalic.ttf]
[foxythemes.net/preview/products/beagle/assets/lib/roboto/Roboto-Bold.eot]
[foxythemes.net/preview/products/beagle/assets/lib/roboto/Roboto-MediumItalic.woff2]
[foxythemes.net/preview/products/beagle/assets/lib/roboto/Roboto-Boldd41d.eot]
[foxythemes.net/preview/products/beagle/assets/lib/roboto/Roboto-Bold.woff]
[foxythemes.net/preview/products/beagle/assets/lib/roboto/Roboto-Bold.ttf]
[foxythemes.net/preview/products/beagle/assets/lib/roboto/Roboto-Bold.woff2]
[foxythemes.net/preview/products/beagle/assets/lib/roboto/Roboto-BoldItalic.eot]
[foxythemes.net/preview/products/beagle/assets/lib/roboto/Roboto-BoldItalicd41d.eot]
[foxythemes.net/preview/products/beagle/assets/lib/roboto/Roboto-BoldItalic.woff]
[foxythemes.net/preview/products/beagle/assets/lib/roboto/Roboto-BoldItalic.ttf]
[foxythemes.net/preview/products/beagle/assets/lib/roboto/Roboto-BoldItalic.woff2]
[foxythemes.net/preview/products/beagle/assets/lib/roboto/Roboto-Black.eot]
[foxythemes.net/preview/products/beagle/assets/lib/roboto/Roboto-Blackd41d.eot]
[foxythemes.net/preview/products/beagle/assets/lib/roboto/Roboto-Black.woff]
[foxythemes.net/preview/products/beagle/assets/lib/roboto/Roboto-Black.ttf]
[foxythemes.net/preview/products/beagle/assets/lib/roboto/Roboto-Black.woff2]
[foxythemes.net/preview/products/beagle/assets/lib/roboto/Roboto-BlackItalic.eot]
[foxythemes.net/preview/products/beagle/assets/lib/roboto/Roboto-BlackItalicd41d.eot]
[foxythemes.net/preview/products/beagle/assets/lib/roboto/Roboto-BlackItalic.woff]
[foxythemes.net/preview/products/beagle/assets/lib/roboto/Roboto-BlackItalic.ttf]
[foxythemes.net/preview/products/beagle/assets/lib/roboto/Roboto-BlackItalic.woff2]
[foxythemes.net/preview/products/beagle/assets/img/logo.png]
[foxythemes.net/preview/products/beagle/assets/img/logo-xx.png]
[foxythemes.net/preview/products/beagle/assets/img/logo-white.png]
[foxythemes.net/preview/products/beagle/assets/img/logo-white-xx.png]
[foxythemes.net/preview/products/beagle/assets/img/404-bg.png]
[foxythemes.net/preview/products/beagle/assets/lib/jquery.gritter/images/gritter-bg.png]
[foxythemes.net/preview/products/beagle/assets/css/app.css]
[foxythemes.net/preview/products/beagle/index-2.html]
[foxythemes.net/preview/products/beagle/assets/img/user-profile-display.png]
[foxythemes.net/preview/products/beagle/assets/img/avatar-150.png]
[foxythemes.net/preview/products/beagle/pages-profile.html]
[foxythemes.net/preview/products/beagle/pages-login.html]
[foxythemes.net/preview/products/beagle/ui-alerts.html]
[foxythemes.net/preview/products/beagle/ui-buttons.html]
[foxythemes.net/preview/products/beagle/ui-panels.html]
[foxythemes.net/preview/products/beagle/assets/img/140x140.png]
[foxythemes.net/preview/products/beagle/ui-general.html]
[foxythemes.net/preview/products/beagle/assets/lib/jquery.niftymodals/dist/jquery.niftymodals.js]
[foxythemes.net/preview/products/beagle/ui-modals.html]
[foxythemes.net/preview/products/beagle/assets/lib/jquery.gritter/css/jquery.gritter.css]
[foxythemes.net/preview/products/beagle/assets/lib/prettify/prettify.js]
[foxythemes.net/preview/products/beagle/ui-notifications.html]
[foxythemes.net/preview/products/beagle/assets/lib/select2/css/select2.min.css]
[foxythemes.net/preview/products/beagle/assets/lib/jquery.gritter/js/jquery.gritter.js]
[foxythemes.net/preview/products/beagle/ui-icons.html]
[foxythemes.net/preview/products/beagle/ui-grid.html]
[foxythemes.net/preview/products/beagle/ui-tabs-accordions.html]
[foxythemes.net/preview/products/beagle/ui-nestable-lists.html]
[foxythemes.net/preview/products/beagle/ui-typography.html]
[foxythemes.net/preview/products/beagle/charts.html]
[foxythemes.net/preview/products/beagle/assets/lib/jquery.nestable/jquery.nestable.js]
[foxythemes.net/preview/products/beagle/charts-flot.html]
[foxythemes.net/preview/products/beagle/charts-sparkline.html]
[foxythemes.net/preview/products/beagle/charts-chartjs.html]
[foxythemes.net/preview/products/beagle/assets/lib/morrisjs/morris.css]
[foxythemes.net/preview/products/beagle/assets/lib/select2/js/select2.min.js]
[foxythemes.net/preview/products/beagle/assets/lib/select2/js/select2.full.min.js]
[foxythemes.net/preview/products/beagle/charts-morris.html]
[foxythemes.net/preview/products/beagle/assets/lib/bootstrap-slider/css/bootstrap-slider.min.css]
[foxythemes.net/preview/products/beagle/assets/lib/morrisjs/morris.min.js]
[foxythemes.net/preview/products/beagle/assets/lib/chartjs/Chart.min.js]
[foxythemes.net/preview/products/beagle/assets/lib/datetimepicker/js/bootstrap-datetimepicker.min.js]
[foxythemes.net/preview/products/beagle/form-elements.html]
[foxythemes.net/preview/products/beagle/assets/lib/bootstrap-slider/bootstrap-slider.min.js]
[foxythemes.net/preview/products/beagle/assets/lib/moment.js/min/moment.min.js]
[foxythemes.net/preview/products/beagle/assets/lib/raphael/raphael.min.js]
[foxythemes.net/preview/products/beagle/form-validation.html]
[foxythemes.net/preview/products/beagle/assets/lib/parsley/parsley.min.js]
[foxythemes.net/preview/products/beagle/assets/lib/multiselect/css/multi-select.css]
[foxythemes.net/preview/products/beagle/assets/lib/multiselect/js/jquery.multi-select.js]
[foxythemes.net/preview/products/beagle/form-multiselect.html]
[foxythemes.net/preview/products/beagle/assets/lib/quicksearch/jquery.quicksearch.min.js]
[foxythemes.net/preview/products/beagle/form-wizard.html]
[foxythemes.net/preview/products/beagle/assets/lib/fuelux/js/wizard.js]
[foxythemes.net/preview/products/beagle/form-masks.html]
[foxythemes.net/preview/products/beagle/assets/lib/jquery.maskedinput/jquery.maskedinput.js]
[foxythemes.net/preview/products/beagle/assets/lib/summernote/summernote-bs4.css]
[foxythemes.net/preview/products/beagle/form-wysiwyg.html]
[foxythemes.net/preview/products/beagle/assets/lib/summernote/summernote-ext-beagle.js]
[foxythemes.net/preview/products/beagle/assets/lib/dropzone/dist/dropzone.css]
[foxythemes.net/preview/products/beagle/form-upload.html]
[foxythemes.net/preview/products/beagle/tables-general.html]
[foxythemes.net/preview/products/beagle/assets/lib/datatables/datatables.net-bs4/css/dataTables.bootstrap4.css]
[foxythemes.net/preview/products/beagle/assets/lib/summernote/summernote-bs4.min.js]
[foxythemes.net/preview/products/beagle/assets/lib/dropzone/dist/dropzone.js]
[foxythemes.net/preview/products/beagle/assets/lib/datatables/datatables.net-bs4/js/dataTables.bootstrap4.js]
[foxythemes.net/preview/products/beagle/assets/lib/datatables/datatables.net-buttons/js/dataTables.buttons.min.js]
[foxythemes.net/preview/products/beagle/assets/lib/datatables/datatables.net-buttons/js/buttons.print.min.js]
[foxythemes.net/preview/products/beagle/assets/lib/datatables/datatables.net-buttons/js/buttons.html5.min.js]
[foxythemes.net/preview/products/beagle/assets/lib/datatables/datatables.net-buttons/js/buttons.flash.min.js]
[foxythemes.net/preview/products/beagle/assets/lib/datatables/datatables.net-buttons/js/buttons.colVis.min.js]
[foxythemes.net/preview/products/beagle/tables-datatables.html]
[foxythemes.net/preview/products/beagle/tables-filters.html]
[foxythemes.net/preview/products/beagle/pages-blank.html]
[foxythemes.net/preview/products/beagle/pages-blank-header.html]
[foxythemes.net/preview/products/beagle/pages-login2.html]
[foxythemes.net/preview/products/beagle/pages-404.html]
[foxythemes.net/preview/products/beagle/pages-sign-up.html]
[foxythemes.net/preview/products/beagle/pages-forgot-password.html]
[foxythemes.net/preview/products/beagle/pages-pricing-tables.html]
[foxythemes.net/preview/products/beagle/pages-pricing-tables2.html]
[foxythemes.net/preview/products/beagle/assets/lib/datatables/datatables.net-buttons-bs4/js/buttons.bootstrap4.min.js]
[foxythemes.net/preview/products/beagle/assets/img/gallery/img2.jpg]
[foxythemes.net/preview/products/beagle/assets/img/gallery/img4.jpg]
[foxythemes.net/preview/products/beagle/assets/img/gallery/img11.jpg]
[foxythemes.net/preview/products/beagle/assets/lib/datatables/datatables.net/js/jquery.dataTables.js]
[foxythemes.net/preview/products/beagle/assets/img/gallery/img12.jpg]
[foxythemes.net/preview/products/beagle/pages-timeline.html]
[foxythemes.net/preview/products/beagle/pages-timeline2.html]
[foxythemes.net/preview/products/beagle/assets/img/logo-symbol.png]
[foxythemes.net/preview/products/beagle/pages-invoice.html]
[foxythemes.net/preview/products/beagle/assets/lib/jquery.fullcalendar/fullcalendar.min.css]
[foxythemes.net/preview/products/beagle/pages-calendar.html]
[foxythemes.net/preview/products/beagle/assets/lib/jquery.magnific-popup/magnific-popup.css]
[foxythemes.net/preview/products/beagle/assets/lib/jquery.fullcalendar/fullcalendar.min.js]
[foxythemes.net/preview/products/beagle/assets/img/gallery/img1.jpg]
[foxythemes.net/preview/products/beagle/assets/img/gallery/img3.jpg]
[foxythemes.net/preview/products/beagle/assets/img/gallery/img5.jpg]
[foxythemes.net/preview/products/beagle/assets/img/gallery/img6.jpg]
[foxythemes.net/preview/products/beagle/assets/img/gallery/img7.jpg]
[foxythemes.net/preview/products/beagle/assets/img/gallery/img8.jpg]
[foxythemes.net/preview/products/beagle/assets/img/gallery/img9.jpg]
[foxythemes.net/preview/products/beagle/assets/img/gallery/img10.jpg]
[foxythemes.net/preview/products/beagle/assets/lib/jquery.magnific-popup/jquery.magnific-popup.min.js]
[foxythemes.net/preview/products/beagle/pages-gallery.html]
[foxythemes.net/preview/products/beagle/assets/lib/jquery.codemirror/lib/codemirror.css]
[foxythemes.net/preview/products/beagle/assets/lib/jquery.codemirror/theme/monokai.css]
[foxythemes.net/preview/products/beagle/assets/lib/masonry-layout/masonry.pkgd.min.js]
[foxythemes.net/preview/products/beagle/assets/lib/jquery.codemirror/mode/xml/xml.js]
[foxythemes.net/preview/products/beagle/assets/lib/jquery.codemirror/mode/css/css.js]
[foxythemes.net/preview/products/beagle/assets/lib/jquery.codemirror/mode/htmlmixed/htmlmixed.js]
[foxythemes.net/preview/products/beagle/pages-code-editor.html]
[foxythemes.net/preview/products/beagle/pages-booking.html]
[foxythemes.net/preview/products/beagle/pages-loaders.html]
[foxythemes.net/preview/products/beagle/email-inbox.html]
[foxythemes.net/preview/products/beagle/email-read.html]
[foxythemes.net/preview/products/beagle/email-compose.html]
[foxythemes.net/preview/products/beagle/layouts-primary-header.html]
[foxythemes.net/preview/products/beagle/layouts-success-header.html]
[foxythemes.net/preview/products/beagle/layouts-warning-header.html]
[foxythemes.net/preview/products/beagle/layouts-danger-header.html]
[foxythemes.net/preview/products/beagle/layouts-search-input.html]
[foxythemes.net/preview/products/beagle/layouts-offcanvas-menu.html]
[foxythemes.net/preview/products/beagle/layouts-nosidebar-left.html]
[foxythemes.net/preview/products/beagle/layouts-nosidebar-right.html]
[foxythemes.net/preview/products/beagle/layouts-nosidebars.html]
[foxythemes.net/preview/products/beagle/layouts-fixed-sidebar.html]
[foxythemes.net/preview/products/beagle/layouts-boxed-layout.html]
[foxythemes.net/preview/products/beagle/pages-blank-aside.html]
[foxythemes.net/preview/products/beagle/layouts-collapsible-sidebar.html]
[foxythemes.net/preview/products/beagle/layouts-sub-navigation.html]
[foxythemes.net/preview/products/beagle/maps-google.html]
[foxythemes.net/preview/products/beagle/assets/lib/jquery.codemirror/addon/edit/matchbrackets.js]
[foxythemes.net/preview/products/beagle/assets/lib/jquery.vectormap/jquery-jvectormap-1.2.2.min.js]
[foxythemes.net/preview/products/beagle/assets/lib/jquery.vectormap/maps/jquery-jvectormap-uk-mill-en.js]
[foxythemes.net/preview/products/beagle/assets/lib/jquery.vectormap/maps/jquery-jvectormap-us-merc-en.js]
[foxythemes.net/preview/products/beagle/assets/lib/jquery.vectormap/maps/jquery-jvectormap-world-mill-en.js]
[foxythemes.net/preview/products/beagle/assets/lib/jquery.vectormap/maps/jquery-jvectormap-us-il-chicago-mill-en.js]
[foxythemes.net/preview/products/beagle/assets/lib/jquery.vectormap/maps/jquery-jvectormap-fr-merc-en.js]
[foxythemes.net/preview/products/beagle/assets/lib/jquery.codemirror/lib/codemirror.js]
[foxythemes.net/preview/products/beagle/assets/lib/jquery.vectormap/maps/jquery-jvectormap-map.js]
[foxythemes.net/preview/products/beagle/assets/lib/jquery.vectormap/maps/jquery-jvectormap-au-mill-en.js]
[foxythemes.net/preview/products/beagle/maps-vector.html]
[foxythemes.net/preview/products/beagle/assets/lib/roboto/Roboto-Thin.svg]
[foxythemes.net/preview/products/beagle/assets/lib/jquery.vectormap/maps/jquery-jvectormap-in-mill-en.js]
[foxythemes.net/preview/products/beagle/assets/lib/jquery.vectormap/maps/jquery-jvectormap-ca-lcc-en.js]
[foxythemes.net/preview/products/beagle/assets/lib/roboto/Roboto-ThinItalic.svg]
[foxythemes.net/preview/products/beagle/assets/lib/roboto/Roboto-Light.svg]
[foxythemes.net/preview/products/beagle/assets/lib/roboto/Roboto-LightItalic.svg]
[foxythemes.net/preview/products/beagle/assets/lib/roboto/Roboto-Regular.svg]
[foxythemes.net/preview/products/beagle/assets/lib/roboto/Roboto-RegularItalic.svg]
[foxythemes.net/preview/products/beagle/assets/lib/roboto/Roboto-Medium.svg]
[foxythemes.net/preview/products/beagle/assets/lib/roboto/Roboto-MediumItalic.svg]
[foxythemes.net/preview/products/beagle/assets/lib/roboto/Roboto-Bold.svg]
[foxythemes.net/preview/products/beagle/assets/lib/roboto/Roboto-BoldItalic.svg]
[foxythemes.net/preview/products/beagle/assets/lib/roboto/Roboto-Black.svg]
[foxythemes.net/preview/products/beagle/assets/lib/roboto/Roboto-BlackItalic.svg]
[foxythemes.net/preview/products/beagle/assets/lib/jquery.gritter/images/ie-spacer.gif]
[foxythemes.net/preview/products/beagle/assets/lib/jquery.gritter/images/gritter.png]
[foxythemes.net/preview/products/beagle/assets/lib/jquery.gritter/images/gritter-light.png]
[foxythemes.net/preview/products/beagle/assets/lib/jquery.gritter/css/jquery.gritter.css]
[foxythemes.net/preview/products/beagle/assets/lib/select2/css/select2.min.css]
[foxythemes.net/preview/products/beagle/assets/lib/morrisjs/morris.css]
[foxythemes.net/preview/products/beagle/assets/lib/bootstrap-slider/css/bootstrap-slider.min.css]
[foxythemes.net/preview/products/beagle/assets/lib/multiselect/img/switch.png]
[foxythemes.net/preview/products/beagle/assets/lib/multiselect/css/multi-select.css]
[foxythemes.net/preview/products/beagle/assets/lib/summernote/font/summernote291f.eot]
[foxythemes.net/preview/products/beagle/assets/lib/summernote/font/summernoted41d.eot]
[foxythemes.net/preview/products/beagle/assets/lib/summernote/font/summernote291f.woff]
[foxythemes.net/preview/products/beagle/assets/lib/summernote/font/summernote291f.ttf]
[foxythemes.net/preview/products/beagle/assets/lib/summernote/summernote-bs4.css]
[foxythemes.net/preview/products/beagle/assets/lib/dropzone/dist/dropzone.css]
[foxythemes.net/preview/products/beagle/assets/lib/datatables/datatables.net-bs4/css/dataTables.bootstrap4.css]
[foxythemes.net/preview/products/beagle/assets/lib/jquery.fullcalendar/fullcalendar.min.css]
[foxythemes.net/preview/products/beagle/assets/lib/jquery.magnific-popup/magnific-popup.css]
[foxythemes.net/preview/products/beagle/assets/lib/jquery.codemirror/lib/codemirror.css]
[foxythemes.net/preview/products/beagle/assets/lib/jquery.codemirror/theme/monokai.css]
